Component: ARM Compiler 5.06 update 3 (build 300) Tool: armlink [4d35c9]

==============================================================================

Section Cross References

    main.o(i.get_user_input) refers to usart_helper.o(i.usart_write_simple) for usart_write_simple
    main.o(i.get_user_input) refers to usart_helper.o(i.usart_terminal_character_simple) for usart_terminal_character_simple
    main.o(i.get_user_input) refers to usart_helper.o(i.usart_read_simple) for usart_read_simple
    main.o(i.get_user_input) refers to helper.o(i.check_for_valid_input) for check_for_valid_input
    main.o(i.get_user_input) refers to usart_helper.o(i.usart_real_time_write) for usart_real_time_write
    main.o(i.get_user_input) refers to main.o(i.process_user_input) for process_user_input
    main.o(i.main) refers to sysclock.o(i.System_Clock_Init) for System_Clock_Init
    main.o(i.main) refers to led.o(i.LED_Init) for LED_Init
    main.o(i.main) refers to uart.o(i.UART2_Init) for UART2_Init
    main.o(i.main) refers to gpio.o(i.gpio_init) for gpio_init
    main.o(i.main) refers to timer.o(i.timer_init) for timer_init
    main.o(i.main) refers to helper.o(i.servo_data_init) for servo_data_init
    main.o(i.main) refers to helper.o(i.print_banner) for print_banner
    main.o(i.main) refers to led.o(i.Green_LED_On) for Green_LED_On
    main.o(i.main) refers to main.o(i.get_user_input) for get_user_input
    main.o(i.main) refers to led.o(i.Green_LED_Off) for Green_LED_Off
    main.o(i.main) refers to led.o(i.Red_LED_On) for Red_LED_On
    main.o(i.main) refers to main.o(i.process_recipe) for process_recipe
    main.o(i.main) refers to led.o(i.Red_LED_Off) for Red_LED_Off
    main.o(i.main) refers to main.o(.bss) for motors
    main.o(i.process_recipe) refers to usart_helper.o(i.usart_write_simple) for usart_write_simple
    main.o(i.process_recipe) refers to usart_helper.o(i.usart_read_no_block) for usart_read_no_block
    main.o(i.process_recipe) refers to helper.o(i.check_for_valid_input) for check_for_valid_input
    main.o(i.process_recipe) refers to usart_helper.o(i.usart_terminal_character_simple) for usart_terminal_character_simple
    main.o(i.process_recipe) refers to usart_helper.o(i.usart_real_time_write) for usart_real_time_write
    main.o(i.process_recipe) refers to helper.o(i.get_instruction) for get_instruction
    main.o(i.process_recipe) refers to helper.o(i.instruction_in_bounds) for instruction_in_bounds
    main.o(i.process_recipe) refers to helper.o(i.move_servo) for move_servo
    main.o(i.process_recipe) refers to usart_helper.o(i.usart_write_data_string) for usart_write_data_string
    main.o(i.process_recipe) refers to helper.o(i.exit_program) for exit_program
    main.o(i.process_recipe) refers to helper.o(i.delay) for delay
    main.o(i.process_recipe) refers to main.o(.bss) for motors
    main.o(i.process_recipe) refers to main.o(.data) for recipes
    main.o(i.process_recipe) refers to main.o(.conststring) for .conststring
    main.o(i.process_recipe) refers to helper.o(i.reset_servo) for reset_servo
    main.o(i.process_recipe) refers to helper.o(i.increment_recipe) for increment_recipe
    main.o(i.process_user_input) refers to led.o(i.Green_LED_Off) for Green_LED_Off
    main.o(i.process_user_input) refers to led.o(i.Red_LED_On) for Red_LED_On
    main.o(i.process_user_input) refers to helper.o(i.move_servo) for move_servo
    main.o(i.process_user_input) refers to led.o(i.Red_LED_Off) for Red_LED_Off
    main.o(i.process_user_input) refers to led.o(i.Green_LED_On) for Green_LED_On
    main.o(i.process_user_input) refers to usart_helper.o(i.usart_write_simple) for usart_write_simple
    main.o(i.process_user_input) refers to usart_helper.o(i.usart_write_data_string) for usart_write_data_string
    main.o(i.process_user_input) refers to main.o(.bss) for motors
    main.o(i.process_user_input) refers to main.o(.conststring) for .conststring
    startup_stm32l476xx.o(STACK) refers (Special) to heapauxi.o(.text) for __use_two_region_memory
    startup_stm32l476xx.o(HEAP) refers (Special) to heapauxi.o(.text) for __use_two_region_memory
    startup_stm32l476xx.o(RESET) refers (Special) to heapauxi.o(.text) for __use_two_region_memory
    startup_stm32l476xx.o(RESET) refers to startup_stm32l476xx.o(STACK) for __initial_sp
    startup_stm32l476xx.o(RESET) refers to startup_stm32l476xx.o(.text) for Reset_Handler
    startup_stm32l476xx.o(.text) refers (Special) to heapauxi.o(.text) for __use_two_region_memory
    startup_stm32l476xx.o(.text) refers to __main.o(!!!main) for __main
    startup_stm32l476xx.o(.text) refers to startup_stm32l476xx.o(HEAP) for Heap_Mem
    startup_stm32l476xx.o(.text) refers to startup_stm32l476xx.o(STACK) for Stack_Mem
    uart.o(i.UART2_Init) refers to uart.o(i.UART2_GPIO_Init) for UART2_GPIO_Init
    uart.o(i.UART2_Init) refers to uart.o(i.USART_Init) for USART_Init
    uart.o(i.USART_Write) refers to uart.o(i.USART_Delay) for USART_Delay
[...]
    ../fplib/printf2a.s                      0x00000000   Number         0  printf2a.o ABSOLUTE
    ../fplib/printf2b.s                      0x00000000   Number         0  printf2b.o ABSOLUTE
    ../fplib/usenofp.s                       0x00000000   Number         0  usenofp.o ABSOLUTE
    ../mathlib/fpclassify.c                  0x00000000   Number         0  fpclassify.o ABSOLUTE
    GPIO.c                                   0x00000000   Number         0  gpio.o ABSOLUTE
    GPIO.c                                   0x00000000   Number         0  gpio.o ABSOLUTE
    Helper.c                                 0x00000000   Number         0  helper.o ABSOLUTE
    Helper.c                                 0x00000000   Number         0  helper.o ABSOLUTE
    LED.c                                    0x00000000   Number         0  led.o ABSOLUTE
    LED.c                                    0x00000000   Number         0  led.o ABSOLUTE
    SysClock.c                               0x00000000   Number         0  sysclock.o ABSOLUTE
    SysClock.c                               0x00000000   Number         0  sysclock.o ABSOLUTE
    TIMER.c                                  0x00000000   Number         0  timer.o ABSOLUTE
    TIMER.c                                  0x00000000   Number         0  timer.o ABSOLUTE
    UART.c                                   0x00000000   Number         0  uart.o ABSOLUTE
    UART.c                                   0x00000000   Number         0  uart.o ABSOLUTE
    USART_Helper.c                           0x00000000   Number         0  usart_helper.o ABSOLUTE
    USART_Helper.c                           0x00000000   Number         0  usart_helper.o ABSOLUTE
    dc.s                                     0x00000000   Number         0  dc.o ABSOLUTE
    main.c                                   0x00000000   Number         0  main.o ABSOLUTE
    main.c                                   0x00000000   Number         0  main.o ABSOLUTE
    startup_stm32l476xx.s                    0x00000000   Number         0  startup_stm32l476xx.o ABSOLUTE
    RESET                                    0x08000000   Section      392  startup_stm32l476xx.o(RESET)
    !!!main                                  0x08000188   Section        8  __main.o(!!!main)
    !!!scatter                               0x08000190   Section       52  __scatter.o(!!!scatter)
    !!dczerorl2                              0x080001c4   Section       90  __dczerorl2.o(!!dczerorl2)
    !!handler_zi                             0x08000220   Section       28  __scatter_zi.o(!!handler_zi)
    .ARM.Collect$$_printf_percent$$00000000  0x0800023c   Section        0  _printf_percent.o(.ARM.Collect$$_printf_percent$$00000000)
    .ARM.Collect$$_printf_percent$$00000001  0x0800023c   Section        6  _printf_n.o(.ARM.Collect$$_printf_percent$$00000001)
    .ARM.Collect$$_printf_percent$$00000002  0x08000242   Section        6  _printf_p.o(.ARM.Collect$$_printf_percent$$00000002)
    .ARM.Collect$$_printf_percent$$00000003  0x08000248   Section        6  _printf_f.o(.ARM.Collect$$_printf_percent$$00000003)
    .ARM.Collect$$_printf_percent$$00000004  0x0800024e   Section        6  _printf_e.o(.ARM.Collect$$_printf_percent$$00000004)
    .ARM.Collect$$_printf_percent$$00000005  0x08000254   Section        6  _printf_g.o(.ARM.Collect$$_printf_percent$$00000005)
    .ARM.Collect$$_printf_percent$$00000006  0x0800025a   Section        6  _printf_a.o(.ARM.Collect$$_printf_percent$$00000006)
    .ARM.Collect$$_printf_percent$$00000007  0x08000260   Section       10  _printf_ll.o(.ARM.Collect$$_printf_percent$$00000007)
    .ARM.Collect$$_printf_percent$$00000008  0x0800026a   Section        6  _printf_i.o(.ARM.Collect$$_printf_percent$$00000008)
    .ARM.Collect$$_printf_percent$$00000009  0x08000270   Section        6  _printf_d.o(.ARM.Collect$$_printf_percent$$00000009)
    .ARM.Collect$$_printf_percent$$0000000A  0x08000276   Section        6  _printf_u.o(.ARM.Collect$$_printf_percent$$0000000A)
    .ARM.Collect$$_printf_percent$$0000000B  0x0800027c   Section        6  _printf_o.o(.ARM.Collect$$_printf_percent$$0000000B)
    .ARM.Collect$$_printf_percent$$0000000C  0x08000282   Section        6  _printf_x.o(.ARM.Collect$$_printf_percent$$0000000C)
    .ARM.Collect$$_printf_percent$$0000000D  0x08000288   Section        6  _printf_lli.o(.ARM.Collect$$_printf_percent$$0000000D)
    .ARM.Collect$$_printf_percent$$0000000E  0x0800028e   Section        6  _printf_lld.o(.ARM.Collect$$_printf_percent$$0000000E)
    .ARM.Collect$$_printf_percent$$0000000F  0x08000294   Section        6  _printf_llu.o(.ARM.Collect$$_printf_percent$$0000000F)
    .ARM.Collect$$_printf_percent$$00000010  0x0800029a   Section        6  _printf_llo.o(.ARM.Collect$$_printf_percent$$00000010)
    .ARM.Collect$$_printf_percent$$00000011  0x080002a0   Section        6  _printf_llx.o(.ARM.Collect$$_printf_percent$$00000011)
    .ARM.Collect$$_printf_percent$$00000012  0x080002a6   Section       10  _printf_l.o(.ARM.Collect$$_printf_percent$$00000012)
    .ARM.Collect$$_printf_percent$$00000013  0x080002b0   Section        6  _printf_c.o(.ARM.Collect$$_printf_percent$$00000013)
    .ARM.Collect$$_printf_percent$$00000014  0x080002b6   Section        6  _printf_s.o(.ARM.Collect$$_printf_percent$$00000014)
    .ARM.Collect$$_printf_percent$$00000015  0x080002bc   Section        6  _printf_lc.o(.ARM.Collect$$_printf_percent$$00000015)
    .ARM.Collect$$_printf_percent$$00000016  0x080002c2   Section        6  _printf_ls.o(.ARM.Collect$$_printf_percent$$00000016)
    .ARM.Collect$$_printf_percent$$00000017  0x080002c8   Section        4  _printf_percent_end.o(.ARM.Collect$$_printf_percent$$00000017)
    .ARM.Collect$$libinit$$00000000          0x080002cc   Section        2  libinit.o(.ARM.Collect$$libinit$$00000000)
    .ARM.Collect$$libinit$$00000001          0x080002ce   Section        4  libinit2.o(.ARM.Collect$$libinit$$00000001)
    .ARM.Collect$$libinit$$00000004          0x080002d2   Section        0  libinit2.o(.ARM.Collect$$libinit$$00000004)
    .ARM.Collect$$libinit$$00000005          0x080002d2   Section        8  libinit2.o(.ARM.Collect$$libinit$$00000005)
    .ARM.Collect$$libinit$$0000000A          0x080002da   Section        0  libinit2.o(.ARM.Collect$$libinit$$0000000A)
    .ARM.Collect$$libinit$$0000000C          0x080002da   Section        0  libinit2.o(.ARM.Collect$$libinit$$0000000C)
    .ARM.Collect$$libinit$$0000000E          0x080002da   Section        0  libinit2.o(.ARM.Collect$$libinit$$0000000E)
    .ARM.Collect$$libinit$$0000000F          0x080002da   Section        6  libinit2.o(.ARM.Collect$$libinit$$0000000F)
    .ARM.Collect$$libinit$$00000011          0x080002e0   Section        0  libinit2.o(.ARM.Collect$$libinit$$00000011)
    .ARM.Collect$$libinit$$00000012          0x080002e0   Section       12  libinit2.o(.ARM.Collect$$libinit$$00000012)
    .ARM.Collect$$libinit$$00000013          0x080002ec   Section        0  libinit2.o(.ARM.Collect$$libinit$$00000013)
    .ARM.Collect$$libinit$$00000015          0x080002ec   Section        0  libinit2.o(.ARM.Collect$$libinit$$00000015)
    .ARM.Collect$$libinit$$00000016          0x080002ec   Section       10  libinit2.o(.ARM.Collect$$libinit$$00000016)
    .ARM.Collect$$libinit$$00000017          0x080002f6   Section        0  libinit2.o(.ARM.Collect$$libinit$$00000017)
    .ARM.Collect$$libinit$$00000019          0x080002f6   Section        0  libinit2.o(.ARM.Collect$$libinit$$00000019)
    .ARM.Collect$$libinit$$0000001B          0x080002f6   Section        0  libinit2.o(.ARM.Collect$$libinit$$0000001B)
    .ARM.Collect$$libinit$$0000001D          0x080002f6   Section        0  libinit2.o(.ARM.Collect$$libinit$$0000001D)
    .ARM.Collect$$libinit$$0000001F          0x080002f6   Section        0  libinit2.o(.ARM.Collect$$libinit$$0000001F)
    .ARM.Collect$$libinit$$00000021          0x080002f6   Section        0  libinit2.o(.ARM.Collect$$libinit$$00000021)
    .ARM.Collect$$libinit$$00000023          0x080002f6   Section        0  libinit2.o(.ARM.Collect$$libinit$$00000023)
    .ARM.Collect$$libinit$$00000025          0x080002f6   Section        0  libinit2.o(.ARM.Collect$$libinit$$00000025)
    .ARM.Collect$$libinit$$0000002C          0x080002f6   Section        0  libinit2.o(.ARM.Collect$$libinit$$0000002C)
    .ARM.Collect$$libinit$$0000002E          0x080002f6   Section        0  libinit2.o(.ARM.Collect$$libinit$$0000002E)
    .ARM.Collect$$libinit$$00000030          0x080002f6   Section        0  libinit2.o(.ARM.Collect$$libinit$$00000030)
    .ARM.Collect$$libinit$$00000032          0x080002f6   Section        0  libinit2.o(.ARM.Collect$$libinit$$00000032)
    .ARM.Collect$$libinit$$00000033          0x080002f6   Section        2  libinit2.o(.ARM.Collect$$libinit$$00000033)
    .ARM.Collect$$libshutdown$$00000000      0x080002f8   Section        2  libshutdown.o(.ARM.Collect$$libshutdown$$00000000)
    .ARM.Collect$$libshutdown$$00000002      0x080002fa   Section        0  libshutdown2.o(.ARM.Collect$$libshutdown$$00000002)
    .ARM.Collect$$libshutdown$$00000004      0x080002fa   Section        0  libshutdown2.o(.ARM.Collect$$libshutdown$$00000004)
    .ARM.Collect$$libshutdown$$00000007      0x080002fa   Section        0  libshutdown2.o(.ARM.Collect$$libshutdown$$00000007)
    .ARM.Collect$$libshutdown$$0000000A      0x080002fa   Section        0  libshutdown2.o(.ARM.Collect$$libshutdown$$0000000A)
    .ARM.Collect$$libshutdown$$0000000C      0x080002fa   Section        0  libshutdown2.o(.ARM.Collect$$libshutdown$$0000000C)
    .ARM.Collect$$libshutdown$$0000000F      0x080002fa   Section        0  libshutdown2.o(.ARM.Collect$$libshutdown$$0000000F)
    .ARM.Collect$$libshutdown$$00000010      0x080002fa   Section        2  libshutdown2.o(.ARM.Collect$$libshutdown$$00000010)
    .ARM.Collect$$rtentry$$00000000          0x080002fc   Section        0  __rtentry.o(.ARM.Collect$$rtentry$$00000000)
    .ARM.Collect$$rtentry$$00000002          0x080002fc   Section        0  __rtentry2.o(.ARM.Collect$$rtentry$$00000002)
    .ARM.Collect$$rtentry$$00000004          0x080002fc   Section        6  __rtentry4.o(.ARM.Collect$$rtentry$$00000004)
    .ARM.Collect$$rtentry$$00000009          0x08000302   Section        0  __rtentry2.o(.ARM.Collect$$rtentry$$00000009)
    .ARM.Collect$$rtentry$$0000000A          0x08000302   Section        4  __rtentry2.o(.ARM.Collect$$rtentry$$0000000A)
    .ARM.Collect$$rtentry$$0000000C          0x08000306   Section        0  __rtentry2.o(.ARM.Collect$$rtentry$$0000000C)
    .ARM.Collect$$rtentry$$0000000D          0x08000306   Section        8  __rtentry2.o(.ARM.Collect$$rtentry$$0000000D)
    .ARM.Collect$$rtexit$$00000000           0x0800030e   Section        2  rtexit.o(.ARM.Collect$$rtexit$$00000000)
    .ARM.Collect$$rtexit$$00000002           0x08000310   Section        0  rtexit2.o(.ARM.Collect$$rtexit$$00000002)
    .ARM.Collect$$rtexit$$00000003           0x08000310   Section        4  rtexit2.o(.ARM.Collect$$rtexit$$00000003)
    .ARM.Collect$$rtexit$$00000004           0x08000314   Section        6  rtexit2.o(.ARM.Collect$$rtexit$$00000004)
    .emb_text                                0x0800031c   Section        0  maybetermalloc1.o(.emb_text)
    .text                                    0x0800031c   Section      132  startup_stm32l476xx.o(.text)
    $v0                                      0x0800031c   Number         0  startup_stm32l476xx.o(.text)
    .text                                    0x080003a0   Section        0  h1_alloc.o(.text)
    .text                                    0x080003fe   Section        0  h1_free.o(.text)
    .text                                    0x0800044c   Section        0  vsprintf.o(.text)
    .text                                    0x08000470   Section        0  strpbrk.o(.text)
    .text                                    0x0800048e   Section        0  strcpy.o(.text)
    .text                                    0x080004d6   Section        0  strlen.o(.text)
    .text                                    0x08000514   Section        0  strcat.o(.text)
    .text                                    0x0800052c   Section        0  heapauxi.o(.text)
    .text                                    0x08000534   Section        8  rt_heap_descriptor_intlibspace.o(.text)
    .text                                    0x0800053c   Section        0  hguard.o(.text)
    .text                                    0x08000540   Section        0  init_alloc.o(.text)
    .text                                    0x080005ca   Section        0  h1_init.o(.text)
    .text                                    0x080005d8   Section        0  _printf_pad.o(.text)
    .text                                    0x08000626   Section        0  _printf_truncate.o(.text)
    .text                                    0x0800064a   Section        0  _printf_str.o(.text)
    .text                                    0x0800069c   Section        0  _printf_dec.o(.text)
    .text                                    0x08000714   Section        0  _printf_charcount.o(.text)
    .text                                    0x0800073c   Section        0  _printf_char_common.o(.text)
    _printf_input_char                       0x0800073d   Thumb Code    10  _printf_char_common.o(.text)
    .text                                    0x0800076c   Section        0  _sputc.o(.text)
    .text                                    0x08000778   Section        0  _printf_wctomb.o(.text)
    .text                                    0x0800083c   Section        0  _printf_longlong_dec.o(.text)
    .text                                    0x080008b8   Section        0  _printf_oct_int_ll.o(.text)
    _printf_longlong_oct_internal            0x080008b9   Thumb Code     0  _printf_oct_int_ll.o(.text)
    .text                                    0x08000928   Section        0  _printf_hex_int_ll_ptr.o(.text)
    _printf_hex_common                       0x08000929   Thumb Code     0  _printf_hex_int_ll_ptr.o(.text)
    .text                                    0x080009bc   Section        0  __printf_flags_ss_wp.o(.text)
    .text                                    0x08000b4c   Section        8  libspace.o(.text)
    .text                                    0x08000b54   Section        0  h1_extend.o(.text)
    .text                                    0x08000b88   Section      138  lludiv10.o(.text)
    .text                                    0x08000c12   Section        0  _printf_intcommon.o(.text)
    .text                                    0x08000cc4   Section        0  _printf_fp_dec.o(.text)
    _fp_digits                               0x08000cc7   Thumb Code   428  _printf_fp_dec.o(.text)
    .text                                    0x080010e4   Section        0  _printf_fp_hex.o(.text)
    .text                                    0x080013e6   Section        0  _printf_char.o(.text)
    .text                                    0x08001412   Section        0  _printf_wchar.o(.text)
    .text                                    0x0800143e   Section        0  _wcrtomb.o(.text)
    .text                                    0x0800147e   Section        0  defsig_rtmem_outer.o(.text)
    .text                                    0x0800148c   Section        2  use_no_semi.o(.text)
    .text                                    0x0800148e   Section       74  sys_stackheap_outer.o(.text)
    .text                                    0x0800148e   Section        0  indicate_semi.o(.text)
    .text                                    0x080014d8   Section       16  rt_ctype_table.o(.text)
    .text                                    0x080014e8   Section        8  rt_locale_intlibspace.o(.text)
    .text                                    0x080014f0   Section        0  _printf_fp_infnan.o(.text)
    .text                                    0x08001570   Section        0  bigflt0.o(.text)
    .text                                    0x0800164c   Section        0  exit.o(.text)
    .text                                    0x0800165e   Section        0  defsig_exit.o(.text)
    .text                                    0x08001668   Section        0  defsig_rtmem_inner.o(.text)
    .text                                    0x080016b8   Section        0  sys_exit.o(.text)
    .text                                    0x080016c4   Section        0  defsig_general.o(.text)
    .text                                    0x080016f8   Section      128  strcmpv7m.o(.text)
    .text                                    0x08001778   Section        0  sys_wrch.o(.text)
    CL$$btod_d2e                             0x08001786   Section       62  btod.o(CL$$btod_d2e)
    CL$$btod_d2e_denorm_low                  0x080017c4   Section       70  btod.o(CL$$btod_d2e_denorm_low)
    CL$$btod_d2e_norm_op1                    0x0800180a   Section       96  btod.o(CL$$btod_d2e_norm_op1)
    CL$$btod_div_common                      0x0800186a   Section      824  btod.o(CL$$btod_div_common)
    CL$$btod_e2e                             0x08001ba2   Section      198  btod.o(CL$$btod_e2e)
    CL$$btod_ediv                            0x08001c68   Section       40  btod.o(CL$$btod_ediv)
    CL$$btod_emul                            0x08001c90   Section       40  btod.o(CL$$btod_emul)
    CL$$btod_mult_common                     0x08001cb8   Section      580  btod.o(CL$$btod_mult_common)
    i.Green_LED_Off                          0x08001efc   Section        0  led.o(i.Green_LED_Off)
    i.Green_LED_On                           0x08001f10   Section        0  led.o(i.Green_LED_On)
    i.LED_Init                               0x08001f24   Section        0  led.o(i.LED_Init)
    i.Red_LED_Off                            0x08001fc0   Section        0  led.o(i.Red_LED_Off)
    i.Red_LED_On                             0x08001fd4   Section        0  led.o(i.Red_LED_On)
    i.System_Clock_Init                      0x08001fe8   Section        0  sysclock.o(i.System_Clock_Init)
    i.UART2_GPIO_Init                        0x0800216c   Section        0  uart.o(i.UART2_GPIO_Init)
    i.UART2_Init                             0x080021e0   Section        0  uart.o(i.UART2_Init)
    i.USART_Delay                            0x08002220   Section        0  uart.o(i.USART_Delay)
    i.USART_Init                             0x08002234   Section        0  uart.o(i.USART_Init)
    i.USART_Read                             0x080022e8   Section        0  uart.o(i.USART_Read)
    i.USART_Read_No_Block                    0x080022fc   Section        0  uart.o(i.USART_Read_No_Block)
    i.USART_Write                            0x08002310   Section        0  uart.o(i.USART_Write)
    i.__ARM_fpclassify                       0x08002350   Section        0  fpclassify.o(i.__ARM_fpclassify)
    i._is_digit                              0x08002380   Section        0  __printf_wp.o(i._is_digit)
    i.check_for_valid_input                  0x0800238e   Section        0  helper.o(i.check_for_valid_input)
    i.delay                                  0x080023a6   Section        0  helper.o(i.delay)
    i.exit_program                           0x080023b8   Section        0  helper.o(i.exit_program)
    i.get_instruction                        0x080023d8   Section        0  helper.o(i.get_instruction)
    i.get_opcode                             0x080023f8   Section        0  helper.o(i.get_opcode)
    i.get_parameter                          0x08002400   Section        0  helper.o(i.get_parameter)
    i.get_user_input                         0x08002408   Section        0  main.o(i.get_user_input)
    i.gpio_init                              0x080024d4   Section        0  gpio.o(i.gpio_init)
    i.increment_recipe                       0x08002508   Section        0  helper.o(i.increment_recipe)
    i.instruction_in_bounds                  0x0800251c   Section        0  helper.o(i.instruction_in_bounds)
    i.main                                   0x08002530   Section        0  main.o(i.main)
    i.move_servo                             0x08002574   Section        0  helper.o(i.move_servo)
    i.print_banner                           0x080025c4   Section        0  helper.o(i.print_banner)
    i.process_recipe                         0x080027fc   Section        0  main.o(i.process_recipe)
    i.process_user_input                     0x08002d94   Section        0  main.o(i.process_user_input)
    i.reset_servo                            0x08002f44   Section        0  helper.o(i.reset_servo)
    i.servo_data_init                        0x08002f56   Section        0  helper.o(i.servo_data_init)
    i.timer_init                             0x08002fa8   Section        0  timer.o(i.timer_init)
    i.usart_read_no_block                    0x08003018   Section        0  usart_helper.o(i.usart_read_no_block)
    i.usart_read_simple                      0x08003028   Section        0  usart_helper.o(i.usart_read_simple)
    i.usart_real_time_write                  0x08003038   Section        0  usart_helper.o(i.usart_real_time_write)
    i.usart_terminal_character_simple        0x08003060   Section        0  usart_helper.o(i.usart_terminal_character_simple)
    i.usart_write_data_string                0x0800306c   Section        0  usart_helper.o(i.usart_write_data_string)
    i.usart_write_simple                     0x08003094   Section        0  usart_helper.o(i.usart_write_simple)
    locale$$code                             0x080030e0   Section       44  lc_numeric_c.o(locale$$code)
    locale$$code                             0x0800310c   Section       44  lc_ctype_c.o(locale$$code)
    x$fpl$fpinit                             0x08003138   Section       10  fpinit.o(x$fpl$fpinit)
    $v0                                      0x08003138   Number         0  fpinit.o(x$fpl$fpinit)
    x$fpl$printf1                            0x08003142   Section        4  printf1.o(x$fpl$printf1)
    $v0                                      0x08003142   Number         0  printf1.o(x$fpl$printf1)
    x$fpl$printf2                            0x08003146   Section        4  printf2.o(x$fpl$printf2)
    $v0                                      0x08003146   Number         0  printf2.o(x$fpl$printf2)
    x$fpl$usenofp                            0x0800314a   Section        0  usenofp.o(x$fpl$usenofp)
    .constdata                               0x0800314c   Section        8  _printf_wctomb.o(.constdata)
    initial_mbstate                          0x0800314c   Data           8  _printf_wctomb.o(.constdata)
    .constdata                               0x08003154   Section       40  _printf_hex_int_ll_ptr.o(.constdata)
    uc_hextab                                0x08003154   Data          20  _printf_hex_int_ll_ptr.o(.constdata)
    lc_hextab                                0x08003168   Data          20  _printf_hex_int_ll_ptr.o(.constdata)
    .constdata                               0x0800317c   Section       17  __printf_flags_ss_wp.o(.constdata)
    maptable                                 0x0800317c   Data          17  __printf_flags_ss_wp.o(.constdata)
    .constdata                               0x0800318d   Section       38  _printf_fp_hex.o(.constdata)
    lc_hextab                                0x0800318d   Data          19  _printf_fp_hex.o(.constdata)
    uc_hextab                                0x080031a0   Data          19  _printf_fp_hex.o(.constdata)
    .constdata                               0x080031b4   Section      148  bigflt0.o(.constdata)
    tenpwrs_x                                0x080031b4   Data          60  bigflt0.o(.constdata)
    tenpwrs_i                                0x080031f0   Data          64  bigflt0.o(.constdata)
    .conststring                             0x08003248   Section      389  main.o(.conststring)
    .conststring                             0x080033d0   Section       69  helper.o(.conststring)
    locale$$data                             0x08003438   Section       28  lc_numeric_c.o(locale$$data)
    __lcnum_c_name                           0x0800343c   Data           2  lc_numeric_c.o(locale$$data)
    __lcnum_c_start                          0x08003444   Data           0  lc_numeric_c.o(locale$$data)
    __lcnum_c_point                          0x08003450   Data           0  lc_numeric_c.o(locale$$data)
    __lcnum_c_thousands                      0x08003452   Data           0  lc_numeric_c.o(locale$$data)
    __lcnum_c_grouping                       0x08003453   Data           0  lc_numeric_c.o(locale$$data)
    locale$$data                             0x08003454   Section      272  lc_ctype_c.o(locale$$data)
    __lcnum_c_end                            0x08003454   Data           0  lc_numeric_c.o(locale$$data)
    __lcctype_c_name                         0x08003458   Data           2  lc_ctype_c.o(locale$$data)
    __lcctype_c_start                        0x08003460   Data           0  lc_ctype_c.o(locale$$data)
    __lcctype_c_end                          0x08003564   Data           0  lc_ctype_c.o(locale$$data)
    .data                                    0x20000000   Section     1600  main.o(.data)
    .data                                    0x20000640   Section       24  timer.o(.data)
    .bss                                     0x20000658   Section       48  main.o(.bss)
    .bss                                     0x20000688   Section       96  libspace.o(.bss)
    HEAP                                     0x200006e8   Section      512  startup_stm32l476xx.o(HEAP)
    Heap_Mem                                 0x200006e8   Data         512  startup_stm32l476xx.o(HEAP)
    STACK                                    0x200008e8   Section     1024  startup_stm32l476xx.o(STACK)
    Stack_Mem                                0x200008e8   Data        1024  startup_stm32l476xx.o(STACK)
    __initial_sp                             0x20000ce8   Data           0  startup_stm32l476xx.o(STACK)

    Global Symbols

    Symbol Name                              Value     Ov Type        Size  Object(Section)

    BuildAttributes$$THM_ISAv4$E$P$D$K$B$S$7EM$VFPi3$EXTD16$VFPS$VFMA$PE$A:L22UL41UL21$X:L11$S22US41US21$IEEE1$IW$USESV6$~STKCKD$USESV7$~SHL$OTIME$ROPI$IEEEJ$EBA8$UX$STANDARDLIB$REQ8$PRES8$EABIv2 0x00000000   Number         0  anon$$obj.o ABSOLUTE
    Image$$ER_IROM1$$RW$$Length              0x00000000   Number         0  anon$$obj.o ABSOLUTE
    Image$$ER_IROM1$$ZI$$Length              0x00000000   Number         0  anon$$obj.o ABSOLUTE
    Image$$RW_IRAM1$$RO$$Length              0x00000000   Number         0  anon$$obj.o ABSOLUTE
    __ARM_use_no_argv                        0x00000000   Number         0  main.o ABSOLUTE
    _printf_flags                            0x00000000   Number         0  printf_stubs.o ABSOLUTE
    _printf_return_value                     0x00000000   Number         0  printf_stubs.o ABSOLUTE
    _printf_sizespec                         0x00000000   Number         0  printf_stubs.o ABSOLUTE
    _printf_widthprec                        0x00000000   Number         0  printf_stubs.o ABSOLUTE
    __ARM_exceptions_init                     - Undefined Weak Reference
    __alloca_initialize                       - Undefined Weak Reference
    __arm_preinit_                            - Undefined Weak Reference
    __cpp_initialize__aeabi_                  - Undefined Weak Reference
    __cxa_finalize                            - Undefined Weak Reference
    __sigvec_lookup                           - Undefined Weak Reference
    __user_heap_extent                        - Undefined Weak Reference
    _atexit_init                              - Undefined Weak Reference
    _call_atexit_fns                          - Undefined Weak Reference
    _clock_init                               - Undefined Weak Reference
    _fp_trap_init                             - Undefined Weak Reference
    _fp_trap_shutdown                         - Undefined Weak Reference
    _get_lc_collate                           - Undefined Weak Reference
    _get_lc_monetary                          - Undefined Weak Reference
    _get_lc_time                              - Undefined Weak Reference
    _getenv_init                              - Undefined Weak Reference
    _handle_redirection                       - Undefined Weak Reference
    _initio                                   - Undefined Weak Reference
    _mutex_acquire                            - Undefined Weak Reference
    _mutex_free                               - Undefined Weak Reference
    _mutex_release                            - Undefined Weak Reference
    _printf_mbtowc                            - Undefined Weak Reference
    _printf_wc                                - Undefined Weak Reference
    _rand_init                                - Undefined Weak Reference
    _signal_finish                            - Undefined Weak Reference
    _signal_init                              - Undefined Weak Reference
    _terminateio                              - Undefined Weak Reference
    __Vectors_Size                           0x00000188   Number         0  startup_stm32l476xx.o ABSOLUTE
    Image$$RW_IRAM1$$Length                  0x00000658   Number         0  anon$$obj.o ABSOLUTE
    Image$$RW_IRAM1$$RW$$Length              0x00000658   Number         0  anon$$obj.o ABSOLUTE
    Image$$RW_IRAM1$$ZI$$Length              0x00000690   Number         0  anon$$obj.o ABSOLUTE
    Image$$ER_IROM1$$RO$$Length              0x00003564   Number         0  anon$$obj.o ABSOLUTE
    Image$$ER_IROM1$$RO$$Base                0x08000000   Number         0  anon$$obj.o ABSOLUTE
    Load$$ER_IROM1$$Base                     0x08000000   Number         0  anon$$obj.o ABSOLUTE
    __Vectors                                0x08000000   Data           4  startup_stm32l476xx.o(RESET)
    __Vectors_End                            0x08000188   Data           0  startup_stm32l476xx.o(RESET)
    __main                                   0x08000189   Thumb Code     8  __main.o(!!!main)
    __scatterload                            0x08000191   Thumb Code     0  __scatter.o(!!!scatter)
    __scatterload_rt2                        0x08000191   Thumb Code    44  __scatter.o(!!!scatter)
    __scatterload_rt2_thumb_only             0x08000191   Thumb Code     0  __scatter.o(!!!scatter)
    __scatterload_null                       0x0800019f   Thumb Code     0  __scatter.o(!!!scatter)
    __decompress                             0x080001c5   Thumb Code    90  __dczerorl2.o(!!dczerorl2)
    __decompress1                            0x080001c5   Thumb Code     0  __dczerorl2.o(!!dczerorl2)
    __scatterload_zeroinit                   0x08000221   Thumb Code    28  __scatter_zi.o(!!handler_zi)
    _printf_n                                0x0800023d   Thumb Code     0  _printf_n.o(.ARM.Collect$$_printf_percent$$00000001)
    _printf_percent                          0x0800023d   Thumb Code     0  _printf_percent.o(.ARM.Collect$$_printf_percent$$00000000)
    _printf_p                                0x08000243   Thumb Code     0  _printf_p.o(.ARM.Collect$$_printf_percent$$00000002)
    _printf_f                                0x08000249   Thumb Code     0  _printf_f.o(.ARM.Collect$$_printf_percent$$00000003)
    _printf_e                                0x0800024f   Thumb Code     0  _printf_e.o(.ARM.Collect$$_printf_percent$$00000004)
    _printf_g                                0x08000255   Thumb Code     0  _printf_g.o(.ARM.Collect$$_printf_percent$$00000005)
    _printf_a                                0x0800025b   Thumb Code     0  _printf_a.o(.ARM.Collect$$_printf_percent$$00000006)
    _printf_ll                               0x08000261   Thumb Code     0  _printf_ll.o(.ARM.Collect$$_printf_percent$$00000007)
    _printf_i                                0x0800026b   Thumb Code     0  _printf_i.o(.ARM.Collect$$_printf_percent$$00000008)
    _printf_d                                0x08000271   Thumb Code     0  _printf_d.o(.ARM.Collect$$_printf_percent$$00000009)
    _printf_u                                0x08000277   Thumb Code     0  _printf_u.o(.ARM.Collect$$_printf_percent$$0000000A)
    _printf_o                                0x0800027d   Thumb Code     0  _printf_o.o(.ARM.Collect$$_printf_percent$$0000000B)
    _printf_x                                0x08000283   Thumb Code     0  _printf_x.o(.ARM.Collect$$_printf_percent$$0000000C)
    _printf_lli                              0x08000289   Thumb Code     0  _printf_lli.o(.ARM.Collect$$_printf_percent$$0000000D)
    _printf_lld                              0x0800028f   Thumb Code     0  _printf_lld.o(.ARM.Collect$$_printf_percent$$0000000E)
    _printf_llu                              0x08000295   Thumb Code     0  _printf_llu.o(.ARM.Collect$$_printf_percent$$0000000F)
    _printf_llo                              0x0800029b   Thumb Code     0  _printf_llo.o(.ARM.Collect$$_printf_percent$$00000010)
    _printf_llx                              0x080002a1   Thumb Code     0  _printf_llx.o(.ARM.Collect$$_printf_percent$$00000011)
    _printf_l                                0x080002a7   Thumb Code     0  _printf_l.o(.ARM.Collect$$_printf_percent$$00000012)
    _printf_c                                0x080002b1   Thumb Code     0  _printf_c.o(.ARM.Collect$$_printf_percent$$00000013)
    _printf_s                                0x080002b7   Thumb Code     0  _printf_s.o(.ARM.Collect$$_printf_percent$$00000014)
    _printf_lc                               0x080002bd   Thumb Code     0  _printf_lc.o(.ARM.Collect$$_printf_percent$$00000015)
    _printf_ls                               0x080002c3   Thumb Code     0  _printf_ls.o(.ARM.Collect$$_printf_percent$$00000016)
    _printf_percent_end                      0x080002c9   Thumb Code     0  _printf_percent_end.o(.ARM.Collect$$_printf_percent$$00000017)
    __rt_lib_init                            0x080002cd   Thumb Code     0  libinit.o(.ARM.Collect$$libinit$$00000000)
    __rt_lib_init_fp_1                       0x080002cf   Thumb Code     0  libinit2.o(.ARM.Collect$$libinit$$00000001)
    __rt_lib_init_heap_2                     0x080002d3   Thumb Code     0  libinit2.o(.ARM.Collect$$libinit$$00000005)
    __rt_lib_init_preinit_1                  0x080002d3   Thumb Code     0  libinit2.o(.ARM.Collect$$libinit$$00000004)
    __rt_lib_init_heap_1                     0x080002db   Thumb Code     0  libinit2.o(.ARM.Collect$$libinit$$0000000A)
    __rt_lib_init_lc_common                  0x080002db   Thumb Code     0  libinit2.o(.ARM.Collect$$libinit$$0000000F)
    __rt_lib_init_rand_1                     0x080002db   Thumb Code     0  libinit2.o(.ARM.Collect$$libinit$$0000000E)
    __rt_lib_init_user_alloc_1               0x080002db   Thumb Code     0  libinit2.o(.ARM.Collect$$libinit$$0000000C)
    __rt_lib_init_lc_collate_1               0x080002e1   Thumb Code     0  libinit2.o(.ARM.Collect$$libinit$$00000011)
    __rt_lib_init_lc_ctype_2                 0x080002e1   Thumb Code     0  libinit2.o(.ARM.Collect$$libinit$$00000012)
    __rt_lib_init_lc_ctype_1                 0x080002ed   Thumb Code     0  libinit2.o(.ARM.Collect$$libinit$$00000013)
    __rt_lib_init_lc_monetary_1              0x080002ed   Thumb Code     0  libinit2.o(.ARM.Collect$$libinit$$00000015)
    __rt_lib_init_lc_numeric_2               0x080002ed   Thumb Code     0  libinit2.o(.ARM.Collect$$libinit$$00000016)
    __rt_lib_init_alloca_1                   0x080002f7   Thumb Code     0  libinit2.o(.ARM.Collect$$libinit$$0000002E)
    __rt_lib_init_argv_1                     0x080002f7   Thumb Code     0  libinit2.o(.ARM.Collect$$libinit$$0000002C)
    __rt_lib_init_atexit_1                   0x080002f7   Thumb Code     0  libinit2.o(.ARM.Collect$$libinit$$0000001B)
    __rt_lib_init_clock_1                    0x080002f7   Thumb Code     0  libinit2.o(.ARM.Collect$$libinit$$00000021)
    __rt_lib_init_cpp_1                      0x080002f7   Thumb Code     0  libinit2.o(.ARM.Collect$$libinit$$00000032)
    __rt_lib_init_exceptions_1               0x080002f7   Thumb Code     0  libinit2.o(.ARM.Collect$$libinit$$00000030)
    __rt_lib_init_fp_trap_1                  0x080002f7   Thumb Code     0  libinit2.o(.ARM.Collect$$libinit$$0000001F)
    __rt_lib_init_getenv_1                   0x080002f7   Thumb Code     0  libinit2.o(.ARM.Collect$$libinit$$00000023)
    __rt_lib_init_lc_numeric_1               0x080002f7   Thumb Code     0  libinit2.o(.ARM.Collect$$libinit$$00000017)
    __rt_lib_init_lc_time_1                  0x080002f7   Thumb Code     0  libinit2.o(.ARM.Collect$$libinit$$00000019)
    __rt_lib_init_return                     0x080002f7   Thumb Code     0  libinit2.o(.ARM.Collect$$libinit$$00000033)
    __rt_lib_init_signal_1                   0x080002f7   Thumb Code     0  libinit2.o(.ARM.Collect$$libinit$$0000001D)
    __rt_lib_init_stdio_1                    0x080002f7   Thumb Code     0  libinit2.o(.ARM.Collect$$libinit$$00000025)
    __rt_lib_shutdown                        0x080002f9   Thumb Code     0  libshutdown.o(.ARM.Collect$$libshutdown$$00000000)
    __rt_lib_shutdown_cpp_1                  0x080002fb   Thumb Code     0  libshutdown2.o(.ARM.Collect$$libshutdown$$00000002)
    __rt_lib_shutdown_fp_trap_1              0x080002fb   Thumb Code     0  libshutdown2.o(.ARM.Collect$$libshutdown$$00000007)
    __rt_lib_shutdown_heap_1                 0x080002fb   Thumb Code     0  libshutdown2.o(.ARM.Collect$$libshutdown$$0000000F)
    __rt_lib_shutdown_return                 0x080002fb   Thumb Code     0  libshutdown2.o(.ARM.Collect$$libshutdown$$00000010)
    __rt_lib_shutdown_signal_1               0x080002fb   Thumb Code     0  libshutdown2.o(.ARM.Collect$$libshutdown$$0000000A)
    __rt_lib_shutdown_stdio_1                0x080002fb   Thumb Code     0  libshutdown2.o(.ARM.Collect$$libshutdown$$00000004)
    __rt_lib_shutdown_user_alloc_1           0x080002fb   Thumb Code     0  libshutdown2.o(.ARM.Collect$$libshutdown$$0000000C)
    __rt_entry                               0x080002fd   Thumb Code     0  __rtentry.o(.ARM.Collect$$rtentry$$00000000)
    __rt_entry_presh_1                       0x080002fd   Thumb Code     0  __rtentry2.o(.ARM.Collect$$rtentry$$00000002)
    __rt_entry_sh                            0x080002fd   Thumb Code     0  __rtentry4.o(.ARM.Collect$$rtentry$$00000004)
    __rt_entry_li                            0x08000303   Thumb Code     0  __rtentry2.o(.ARM.Collect$$rtentry$$0000000A)
    __rt_entry_postsh_1                      0x08000303   Thumb Code     0  __rtentry2.o(.ARM.Collect$$rtentry$$00000009)
    __rt_entry_main                          0x08000307   Thumb Code     0  __rtentry2.o(.ARM.Collect$$rtentry$$0000000D)
    __rt_entry_postli_1                      0x08000307   Thumb Code     0  __rtentry2.o(.ARM.Collect$$rtentry$$0000000C)
    __rt_exit                                0x0800030f   Thumb Code     0  rtexit.o(.ARM.Collect$$rtexit$$00000000)
    __rt_exit_ls                             0x08000311   Thumb Code     0  rtexit2.o(.ARM.Collect$$rtexit$$00000003)
    __rt_exit_prels_1                        0x08000311   Thumb Code     0  rtexit2.o(.ARM.Collect$$rtexit$$00000002)
    __rt_exit_exit                           0x08000315   Thumb Code     0  rtexit2.o(.ARM.Collect$$rtexit$$00000004)
    Reset_Handler                            0x0800031d   Thumb Code    60  startup_stm32l476xx.o(.text)
    _maybe_terminate_alloc                   0x0800031d   Thumb Code     0  maybetermalloc1.o(.emb_text)
    NMI_Handler                              0x08000359   Thumb Code     2  startup_stm32l476xx.o(.text)
    HardFault_Handler                        0x0800035b   Thumb Code     2  startup_stm32l476xx.o(.text)
    MemManage_Handler                        0x0800035d   Thumb Code     2  startup_stm32l476xx.o(.text)
    BusFault_Handler                         0x0800035f   Thumb Code     2  startup_stm32l476xx.o(.text)
    UsageFault_Handler                       0x08000361   Thumb Code     2  startup_stm32l476xx.o(.text)
    SVC_Handler                              0x08000363   Thumb Code     2  startup_stm32l476xx.o(.text)
    DebugMon_Handler                         0x08000365   Thumb Code     2  startup_stm32l476xx.o(.text)
    PendSV_Handler                           0x08000367   Thumb Code     2  startup_stm32l476xx.o(.text)
    SysTick_Handler                          0x08000369   Thumb Code     2  startup_stm32l476xx.o(.text)
    ADC1_2_IRQHandler                        0x0800036b   Thumb Code     0  startup_stm32l476xx.o(.text)
    ADC3_IRQHandler                          0x0800036b   Thumb Code     0  startup_stm32l476xx.o(.text)
    CAN1_RX0_IRQHandler                      0x0800036b   Thumb Code     0  startup_stm32l476xx.o(.text)
    CAN1_RX1_IRQHandler                      0x0800036b   Thumb Code     0  startup_stm32l476xx.o(.text)
    CAN1_SCE_IRQHandler                      0x0800036b   Thumb Code     0  startup_stm32l476xx.o(.text)
    CAN1_TX_IRQHandler                       0x0800036b   Thumb Code     0  startup_stm32l476xx.o(.text)
    COMP_IRQHandler                          0x0800036b   Thumb Code     0  startup_stm32l476xx.o(.text)
    DFSDM0_IRQHandler                        0x0800036b   Thumb Code     0  startup_stm32l476xx.o(.text)
    DFSDM1_IRQHandler                        0x0800036b   Thumb Code     0  startup_stm32l476xx.o(.text)
    DFSDM2_IRQHandler                        0x0800036b   Thumb Code     0  startup_stm32l476xx.o(.text)
    DFSDM3_IRQHandler                        0x0800036b   Thumb Code     0  startup_stm32l476xx.o(.text)
    DMA1_Channel1_IRQHandler                 0x0800036b   Thumb Code     0  startup_stm32l476xx.o(.text)
    DMA1_Channel2_IRQHandler                 0x0800036b   Thumb Code     0  startup_stm32l476xx.o(.text)
    DMA1_Channel3_IRQHandler                 0x0800036b   Thumb Code     0  startup_stm32l476xx.o(.text)
    DMA1_Channel4_IRQHandler                 0x0800036b   Thumb Code     0  startup_stm32l476xx.o(.text)
    DMA1_Channel5_IRQHandler                 0x0800036b   Thumb Code     0  startup_stm32l476xx.o(.text)
    DMA1_Channel6_IRQHandler                 0x0800036b   Thumb Code     0  startup_stm32l476xx.o(.text)
    DMA1_Channel7_IRQHandler                 0x0800036b   Thumb Code     0  startup_stm32l476xx.o(.text)
    DMA2_Channel1_IRQHandler                 0x0800036b   Thumb Code     0  startup_stm32l476xx.o(.text)
    DMA2_Channel2_IRQHandler                 0x0800036b   Thumb Code     0  startup_stm32l476xx.o(.text)
    DMA2_Channel3_IRQHandler                 0x0800036b   Thumb Code     0  startup_stm32l476xx.o(.text)
    DMA2_Channel4_IRQHandler                 0x0800036b   Thumb Code     0  startup_stm32l476xx.o(.text)
    DMA2_Channel5_IRQHandler                 0x0800036b   Thumb Code     0  startup_stm32l476xx.o(.text)
    DMA2_Channel6_IRQHandler                 0x0800036b   Thumb Code     0  startup_stm32l476xx.o(.text)
    DMA2_Channel7_IRQHandler                 0x0800036b   Thumb Code     0  startup_stm32l476xx.o(.text)
    EXTI0_IRQHandler                         0x0800036b   Thumb Code     0  startup_stm32l476xx.o(.text)
    EXTI15_10_IRQHandler                     0x0800036b   Thumb Code     0  startup_stm32l476xx.o(.text)
    EXTI1_IRQHandler                         0x0800036b   Thumb Code     0  startup_stm32l476xx.o(.text)
    EXTI2_IRQHandler                         0x0800036b   Thumb Code     0  startup_stm32l476xx.o(.text)
    EXTI3_IRQHandler                         0x0800036b   Thumb Code     0  startup_stm32l476xx.o(.text)
    EXTI4_IRQHandler                         0x0800036b   Thumb Code     0  startup_stm32l476xx.o(.text)
    EXTI9_5_IRQHandler                       0x0800036b   Thumb Code     0  startup_stm32l476xx.o(.text)
    FLASH_IRQHandler                         0x0800036b   Thumb Code     0  startup_stm32l476xx.o(.text)
    FMC_IRQHandler                           0x0800036b   Thumb Code     0  startup_stm32l476xx.o(.text)
    FPU_IRQHandler                           0x0800036b   Thumb Code     0  startup_stm32l476xx.o(.text)
    I2C1_ER_IRQHandler                       0x0800036b   Thumb Code     0  startup_stm32l476xx.o(.text)
    I2C1_EV_IRQHandler                       0x0800036b   Thumb Code     0  startup_stm32l476xx.o(.text)
    I2C2_ER_IRQHandler                       0x0800036b   Thumb Code     0  startup_stm32l476xx.o(.text)
    I2C2_EV_IRQHandler                       0x0800036b   Thumb Code     0  startup_stm32l476xx.o(.text)
    I2C3_ER_IRQHandler                       0x0800036b   Thumb Code     0  startup_stm32l476xx.o(.text)
    I2C3_EV_IRQHandler                       0x0800036b   Thumb Code     0  startup_stm32l476xx.o(.text)
    LCD_IRQHandler                           0x0800036b   Thumb Code     0  startup_stm32l476xx.o(.text)
    LPTIM1_IRQHandler                        0x0800036b   Thumb Code     0  startup_stm32l476xx.o(.text)
    LPTIM2_IRQHandler                        0x0800036b   Thumb Code     0  startup_stm32l476xx.o(.text)
    LPUART1_IRQHandler                       0x0800036b   Thumb Code     0  startup_stm32l476xx.o(.text)
    OTG_FS_IRQHandler                        0x0800036b   Thumb Code     0  startup_stm32l476xx.o(.text)
    PVD_PVM_IRQHandler                       0x0800036b   Thumb Code     0  startup_stm32l476xx.o(.text)
    QUADSPI_IRQHandler                       0x0800036b   Thumb Code     0  startup_stm32l476xx.o(.text)
    RCC_IRQHandler                           0x0800036b   Thumb Code     0  startup_stm32l476xx.o(.text)
    RNG_IRQHandler                           0x0800036b   Thumb Code     0  startup_stm32l476xx.o(.text)
    RTC_Alarm_IRQHandler                     0x0800036b   Thumb Code     0  startup_stm32l476xx.o(.text)
    RTC_WKUP_IRQHandler                      0x0800036b   Thumb Code     0  startup_stm32l476xx.o(.text)
    SAI1_IRQHandler                          0x0800036b   Thumb Code     0  startup_stm32l476xx.o(.text)
    SAI2_IRQHandler                          0x0800036b   Thumb Code     0  startup_stm32l476xx.o(.text)
    SDMMC1_IRQHandler                        0x0800036b   Thumb Code     0  startup_stm32l476xx.o(.text)
    SPI1_IRQHandler                          0x0800036b   Thumb Code     0  startup_stm32l476xx.o(.text)
    SPI2_IRQHandler                          0x0800036b   Thumb Code     0  startup_stm32l476xx.o(.text)
    SPI3_IRQHandler                          0x0800036b   Thumb Code     0  startup_stm32l476xx.o(.text)
    SWPMI1_IRQHandler                        0x0800036b   Thumb Code     0  startup_stm32l476xx.o(.text)
    TAMP_STAMP_IRQHandler                    0x0800036b   Thumb Code     0  startup_stm32l476xx.o(.text)
    TIM1_BRK_TIM15_IRQHandler                0x0800036b   Thumb Code     0  startup_stm32l476xx.o(.text)
    TIM1_CC_IRQHandler                       0x0800036b   Thumb Code     0  startup_stm32l476xx.o(.text)
    TIM1_TRG_COM_TIM17_IRQHandler            0x0800036b   Thumb Code     0  startup_stm32l476xx.o(.text)
    TIM1_UP_TIM16_IRQHandler                 0x0800036b   Thumb Code     0  startup_stm32l476xx.o(.text)
    TIM2_IRQHandler                          0x0800036b   Thumb Code     0  startup_stm32l476xx.o(.text)
    TIM3_IRQHandler                          0x0800036b   Thumb Code     0  startup_stm32l476xx.o(.text)
    TIM4_IRQHandler                          0x0800036b   Thumb Code     0  startup_stm32l476xx.o(.text)
    TIM5_IRQHandler                          0x0800036b   Thumb Code     0  startup_stm32l476xx.o(.text)
    TIM6_DAC_IRQHandler                      0x0800036b   Thumb Code     0  startup_stm32l476xx.o(.text)
    TIM7_IRQHandler                          0x0800036b   Thumb Code     0  startup_stm32l476xx.o(.text)
    TIM8_BRK_IRQHandler                      0x0800036b   Thumb Code     0  startup_stm32l476xx.o(.text)
    TIM8_CC_IRQHandler                       0x0800036b   Thumb Code     0  startup_stm32l476xx.o(.text)
    TIM8_TRG_COM_IRQHandler                  0x0800036b   Thumb Code     0  startup_stm32l476xx.o(.text)
    TIM8_UP_IRQHandler                       0x0800036b   Thumb Code     0  startup_stm32l476xx.o(.text)
    TSC_IRQHandler                           0x0800036b   Thumb Code     0  startup_stm32l476xx.o(.text)
    UART4_IRQHandler                         0x0800036b   Thumb Code     0  startup_stm32l476xx.o(.text)
    UART5_IRQHandler                         0x0800036b   Thumb Code     0  startup_stm32l476xx.o(.text)
    USART1_IRQHandler                        0x0800036b   Thumb Code     0  startup_stm32l476xx.o(.text)
    USART2_IRQHandler                        0x0800036b   Thumb Code     0  startup_stm32l476xx.o(.text)
    USART3_IRQHandler                        0x0800036b   Thumb Code     0  startup_stm32l476xx.o(.text)
    WWDG_IRQHandler                          0x0800036b   Thumb Code     0  startup_stm32l476xx.o(.text)
    __user_initial_stackheap                 0x0800036d   Thumb Code     0  startup_stm32l476xx.o(.text)
    malloc                                   0x080003a1   Thumb Code    94  h1_alloc.o(.text)
    free                                     0x080003ff   Thumb Code    78  h1_free.o(.text)
    vsprintf                                 0x0800044d   Thumb Code    32  vsprintf.o(.text)
    strpbrk                                  0x08000471   Thumb Code    30  strpbrk.o(.text)
    strcpy                                   0x0800048f   Thumb Code    72  strcpy.o(.text)
    strlen                                   0x080004d7   Thumb Code    62  strlen.o(.text)
    strcat                                   0x08000515   Thumb Code    24  strcat.o(.text)
    __use_two_region_memory                  0x0800052d   Thumb Code     2  heapauxi.o(.text)
    __rt_heap_escrow                         0x0800052f   Thumb Code     2  heapauxi.o(.text)
    __rt_heap_expand                         0x08000531   Thumb Code     2  heapauxi.o(.text)
    __rt_heap_descriptor                     0x08000535   Thumb Code     8  rt_heap_descriptor_intlibspace.o(.text)
    __use_no_heap                            0x0800053d   Thumb Code     2  hguard.o(.text)
    __heap$guard                             0x0800053f   Thumb Code     2  hguard.o(.text)
    _terminate_user_alloc                    0x08000541   Thumb Code     2  init_alloc.o(.text)
    _init_user_alloc                         0x08000543   Thumb Code     2  init_alloc.o(.text)
    __Heap_Full                              0x08000545   Thumb Code    34  init_alloc.o(.text)
    __Heap_Broken                            0x08000567   Thumb Code     6  init_alloc.o(.text)
    _init_alloc                              0x0800056d   Thumb Code    94  init_alloc.o(.text)
    __Heap_Initialize                        0x080005cb   Thumb Code    10  h1_init.o(.text)
    __Heap_DescSize                          0x080005d5   Thumb Code     4  h1_init.o(.text)
    _printf_pre_padding                      0x080005d9   Thumb Code    44  _printf_pad.o(.text)
    _printf_post_padding                     0x08000605   Thumb Code    34  _printf_pad.o(.text)
    _printf_truncate_signed                  0x08000627   Thumb Code    18  _printf_truncate.o(.text)
    _printf_truncate_unsigned                0x08000639   Thumb Code    18  _printf_truncate.o(.text)
    _printf_str                              0x0800064b   Thumb Code    82  _printf_str.o(.text)
    _printf_int_dec                          0x0800069d   Thumb Code   104  _printf_dec.o(.text)
    _printf_charcount                        0x08000715   Thumb Code    40  _printf_charcount.o(.text)
    _printf_char_common                      0x08000747   Thumb Code    32  _printf_char_common.o(.text)
    _sputc                                   0x0800076d   Thumb Code    10  _sputc.o(.text)
    _printf_wctomb                           0x08000779   Thumb Code   182  _printf_wctomb.o(.text)
    _printf_longlong_dec                     0x0800083d   Thumb Code   108  _printf_longlong_dec.o(.text)
    _printf_longlong_oct                     0x080008b9   Thumb Code    68  _printf_oct_int_ll.o(.text)
    _printf_int_oct                          0x080008fd   Thumb Code    24  _printf_oct_int_ll.o(.text)
    _printf_ll_oct                           0x08000915   Thumb Code    12  _printf_oct_int_ll.o(.text)
    _printf_longlong_hex                     0x08000929   Thumb Code    86  _printf_hex_int_ll_ptr.o(.text)
    _printf_int_hex                          0x0800097f   Thumb Code    28  _printf_hex_int_ll_ptr.o(.text)
    _printf_ll_hex                           0x0800099b   Thumb Code    12  _printf_hex_int_ll_ptr.o(.text)
    _printf_hex_ptr                          0x080009a7   Thumb Code    18  _printf_hex_int_ll_ptr.o(.text)
    __printf                                 0x080009bd   Thumb Code   388  __printf_flags_ss_wp.o(.text)
    __user_libspace                          0x08000b4d   Thumb Code     8  libspace.o(.text)
    __user_perproc_libspace                  0x08000b4d   Thumb Code     0  libspace.o(.text)
    __user_perthread_libspace                0x08000b4d   Thumb Code     0  libspace.o(.text)
    __Heap_ProvideMemory                     0x08000b55   Thumb Code    52  h1_extend.o(.text)
    _ll_udiv10                               0x08000b89   Thumb Code   138  lludiv10.o(.text)
    _printf_int_common                       0x08000c13   Thumb Code   178  _printf_intcommon.o(.text)
    __lib_sel_fp_printf                      0x08000cc5   Thumb Code     2  _printf_fp_dec.o(.text)
    _printf_fp_dec_real                      0x08000e73   Thumb Code   620  _printf_fp_dec.o(.text)
    _printf_fp_hex_real                      0x080010e5   Thumb Code   756  _printf_fp_hex.o(.text)
    _printf_cs_common                        0x080013e7   Thumb Code    20  _printf_char.o(.text)
    _printf_char                             0x080013fb   Thumb Code    16  _printf_char.o(.text)
    _printf_string                           0x0800140b   Thumb Code     8  _printf_char.o(.text)
    _printf_lcs_common                       0x08001413   Thumb Code    20  _printf_wchar.o(.text)
    _printf_wchar                            0x08001427   Thumb Code    16  _printf_wchar.o(.text)
    _printf_wstring                          0x08001437   Thumb Code     8  _printf_wchar.o(.text)
    _wcrtomb                                 0x0800143f   Thumb Code    64  _wcrtomb.o(.text)
    __rt_SIGRTMEM                            0x0800147f   Thumb Code    14  defsig_rtmem_outer.o(.text)
    __I$use$semihosting                      0x0800148d   Thumb Code     0  use_no_semi.o(.text)
    __use_no_semihosting_swi                 0x0800148d   Thumb Code     2  use_no_semi.o(.text)
    __semihosting_library_function           0x0800148f   Thumb Code     0  indicate_semi.o(.text)
    __user_setup_stackheap                   0x0800148f   Thumb Code    74  sys_stackheap_outer.o(.text)
    __rt_ctype_table                         0x080014d9   Thumb Code    16  rt_ctype_table.o(.text)
    __rt_locale                              0x080014e9   Thumb Code     8  rt_locale_intlibspace.o(.text)
    _printf_fp_infnan                        0x080014f1   Thumb Code   112  _printf_fp_infnan.o(.text)
    _btod_etento                             0x08001571   Thumb Code   216  bigflt0.o(.text)
    exit                                     0x0800164d   Thumb Code    18  exit.o(.text)
    __sig_exit                               0x0800165f   Thumb Code    10  defsig_exit.o(.text)
    __rt_SIGRTMEM_inner                      0x08001669   Thumb Code    22  defsig_rtmem_inner.o(.text)
    _sys_exit                                0x080016b9   Thumb Code     8  sys_exit.o(.text)
    __default_signal_display                 0x080016c5   Thumb Code    50  defsig_general.o(.text)
    strcmp                                   0x080016f9   Thumb Code   128  strcmpv7m.o(.text)
    _ttywrch                                 0x08001779   Thumb Code    14  sys_wrch.o(.text)
    _btod_d2e                                0x08001787   Thumb Code    62  btod.o(CL$$btod_d2e)
    _d2e_denorm_low                          0x080017c5   Thumb Code    70  btod.o(CL$$btod_d2e_denorm_low)
    _d2e_norm_op1                            0x0800180b   Thumb Code    96  btod.o(CL$$btod_d2e_norm_op1)
    __btod_div_common                        0x0800186b   Thumb Code   696  btod.o(CL$$btod_div_common)
    _e2e                                     0x08001ba3   Thumb Code   198  btod.o(CL$$btod_e2e)
    _btod_ediv                               0x08001c69   Thumb Code    40  btod.o(CL$$btod_ediv)
    _btod_emul                               0x08001c91   Thumb Code    40  btod.o(CL$$btod_emul)
    __btod_mult_common                       0x08001cb9   Thumb Code   580  btod.o(CL$$btod_mult_common)
    Green_LED_Off                            0x08001efd   Thumb Code    14  led.o(i.Green_LED_Off)
    Green_LED_On                             0x08001f11   Thumb Code    14  led.o(i.Green_LED_On)
    LED_Init                                 0x08001f25   Thumb Code   144  led.o(i.LED_Init)
    Red_LED_Off                              0x08001fc1   Thumb Code    14  led.o(i.Red_LED_Off)
    Red_LED_On                               0x08001fd5   Thumb Code    14  led.o(i.Red_LED_On)
    System_Clock_Init                        0x08001fe9   Thumb Code   380  sysclock.o(i.System_Clock_Init)
    UART2_GPIO_Init                          0x0800216d   Thumb Code   106  uart.o(i.UART2_GPIO_Init)
    UART2_Init                               0x080021e1   Thumb Code    54  uart.o(i.UART2_Init)
    USART_Delay                              0x08002221   Thumb Code    20  uart.o(i.USART_Delay)
    USART_Init                               0x08002235   Thumb Code   168  uart.o(i.USART_Init)
    USART_Read                               0x080022e9   Thumb Code    20  uart.o(i.USART_Read)
    USART_Read_No_Block                      0x080022fd   Thumb Code    20  uart.o(i.USART_Read_No_Block)
    USART_Write                              0x08002311   Thumb Code    64  uart.o(i.USART_Write)
    __ARM_fpclassify                         0x08002351   Thumb Code    48  fpclassify.o(i.__ARM_fpclassify)
    _is_digit                                0x08002381   Thumb Code    14  __printf_wp.o(i._is_digit)
    check_for_valid_input                    0x0800238f   Thumb Code    24  helper.o(i.check_for_valid_input)
    delay                                    0x080023a7   Thumb Code    18  helper.o(i.delay)
    exit_program                             0x080023b9   Thumb Code    10  helper.o(i.exit_program)
    get_instruction                          0x080023d9   Thumb Code    32  helper.o(i.get_instruction)
    get_opcode                               0x080023f9   Thumb Code     8  helper.o(i.get_opcode)
    get_parameter                            0x08002401   Thumb Code     8  helper.o(i.get_parameter)
    get_user_input                           0x08002409   Thumb Code   144  main.o(i.get_user_input)
    gpio_init                                0x080024d5   Thumb Code    48  gpio.o(i.gpio_init)
    increment_recipe                         0x08002509   Thumb Code    20  helper.o(i.increment_recipe)
    instruction_in_bounds                    0x0800251d   Thumb Code    18  helper.o(i.instruction_in_bounds)
    main                                     0x08002531   Thumb Code    64  main.o(i.main)
    move_servo                               0x08002575   Thumb Code    76  helper.o(i.move_servo)
    print_banner                             0x080025c5   Thumb Code    76  helper.o(i.print_banner)
    process_recipe                           0x080027fd   Thumb Code  1342  main.o(i.process_recipe)
    process_user_input                       0x08002d95   Thumb Code   370  main.o(i.process_user_input)
    reset_servo                              0x08002f45   Thumb Code    18  helper.o(i.reset_servo)
    servo_data_init                          0x08002f57   Thumb Code    82  helper.o(i.servo_data_init)
    timer_init                               0x08002fa9   Thumb Code   102  timer.o(i.timer_init)
    usart_read_no_block                      0x08003019   Thumb Code    10  usart_helper.o(i.usart_read_no_block)
    usart_read_simple                        0x08003029   Thumb Code    10  usart_helper.o(i.usart_read_simple)
    usart_real_time_write                    0x08003039   Thumb Code    32  usart_helper.o(i.usart_real_time_write)
    usart_terminal_character_simple          0x08003061   Thumb Code    12  usart_helper.o(i.usart_terminal_character_simple)
    usart_write_data_string                  0x0800306d   Thumb Code    40  usart_helper.o(i.usart_write_data_string)
    usart_write_simple                       0x08003095   Thumb Code    66  usart_helper.o(i.usart_write_simple)
    _get_lc_numeric                          0x080030e1   Thumb Code    44  lc_numeric_c.o(locale$$code)
    _get_lc_ctype                            0x0800310d   Thumb Code    44  lc_ctype_c.o(locale$$code)
    _fp_init                                 0x08003139   Thumb Code    10  fpinit.o(x$fpl$fpinit)
    __fplib_config_fpu_vfp                   0x08003141   Thumb Code     0  fpinit.o(x$fpl$fpinit)
    __fplib_config_pureend_doubles           0x08003141   Thumb Code     0  fpinit.o(x$fpl$fpinit)
    _printf_fp_dec                           0x08003143   Thumb Code     4  printf1.o(x$fpl$printf1)
    _printf_fp_hex                           0x08003147   Thumb Code     4  printf2.o(x$fpl$printf2)
    __I$use$fp                               0x0800314a   Number         0  usenofp.o(x$fpl$usenofp)
    Region$$Table$$Base                      0x08003418   Number         0  anon$$obj.o(Region$$Table)
    Region$$Table$$Limit                     0x08003438   Number         0  anon$$obj.o(Region$$Table)
    __ctype                                  0x08003461   Data           0  lc_ctype_c.o(locale$$data)
    Image$$ER_IROM1$$RO$$Limit               0x08003564   Number         0  anon$$obj.o ABSOLUTE
    Image$$ER_IROM1$$RW$$Base                0x08003564   Number         0  anon$$obj.o ABSOLUTE
    Image$$ER_IROM1$$RW$$Limit               0x08003564   Number         0  anon$$obj.o ABSOLUTE
    Image$$ER_IROM1$$ZI$$Base                0x08003564   Number         0  anon$$obj.o ABSOLUTE
    Image$$ER_IROM1$$ZI$$Limit               0x08003564   Number         0  anon$$obj.o ABSOLUTE
    Load$$RW_IRAM1$$Base                     0x08003564   Number         0  anon$$obj.o ABSOLUTE
    Image$$RW_IRAM1$$Base                    0x20000000   Number         0  anon$$obj.o ABSOLUTE
    Image$$RW_IRAM1$$RO$$Base                0x20000000   Number         0  anon$$obj.o ABSOLUTE
    Image$$RW_IRAM1$$RW$$Base                0x20000000   Number         0  anon$$obj.o ABSOLUTE
    recipes                                  0x20000000   Data        1600  main.o(.data)
    positions                                0x20000640   Data          24  timer.o(.data)
    Image$$RW_IRAM1$$Limit                   0x20000658   Number         0  anon$$obj.o ABSOLUTE
    Image$$RW_IRAM1$$RW$$Limit               0x20000658   Number         0  anon$$obj.o ABSOLUTE
    Image$$RW_IRAM1$$ZI$$Base                0x20000658   Number         0  anon$$obj.o ABSOLUTE
    motors                                   0x20000658   Data          48  main.o(.bss)
    __libspace_start                         0x20000688   Data          96  libspace.o(.bss)
    __temporary_stack_top$libspace           0x200006e8   Data           0  libspace.o(.bss)
    Image$$RW_IRAM1$$ZI$$Limit               0x20000ce8   Number         0  anon$$obj.o ABSOLUTE



==============================================================================

Memory Map of the image

  Image Entry point : 0x08000189

  Load Region LR_IROM1 (Base: 0x08000000, Size: 0x00003bbc, Max: 0x00100000, ABSOLUTE, COMPRESSED[0x000035b4])

    Execution Region ER_IROM1 (Base: 0x08000000, Size: 0x00003564, Max: 0x00100000, ABSOLUTE)

    Base Addr    Size         Type   Attr      Idx    E Section Name        Object

    0x08000000   0x00000188   Data   RO          117    RESET               startup_stm32l476xx.o
    0x08000188   0x00000008   Code   RO          561  * !!!main             c_w.l(__main.o)
    0x08000190   0x00000034   Code   RO          930    !!!scatter          c_w.l(__scatter.o)
    0x080001c4   0x0000005a   Code   RO          928    !!dczerorl2         c_w.l(__dczerorl2.o)
    0x0800021e   0x00000002   PAD
    0x08000220   0x0000001c   Code   RO          932    !!handler_zi        c_w.l(__scatter_zi.o)
    0x0800023c   0x00000000   Code   RO          672    .ARM.Collect$$_printf_percent$$00000000  c_w.l(_printf_percent.o)
    0x0800023c   0x00000006   Code   RO          661    .ARM.Collect$$_printf_percent$$00000001  c_w.l(_printf_n.o)
    0x08000242   0x00000006   Code   RO          663    .ARM.Collect$$_printf_percent$$00000002  c_w.l(_printf_p.o)
    0x08000248   0x00000006   Code   RO          668    .ARM.Collect$$_printf_percent$$00000003  c_w.l(_printf_f.o)
    0x0800024e   0x00000006   Code   RO          669    .ARM.Collect$$_printf_percent$$00000004  c_w.l(_printf_e.o)
    0x08000254   0x00000006   Code   RO          670    .ARM.Collect$$_printf_percent$$00000005  c_w.l(_printf_g.o)
    0x0800025a   0x00000006   Code   RO          671    .ARM.Collect$$_printf_percent$$00000006  c_w.l(_printf_a.o)
    0x08000260   0x0000000a   Code   RO          676    .ARM.Collect$$_printf_percent$$00000007  c_w.l(_printf_ll.o)
    0x0800026a   0x00000006   Code   RO          665    .ARM.Collect$$_printf_percent$$00000008  c_w.l(_printf_i.o)
    0x08000270   0x00000006   Code   RO          666    .ARM.Collect$$_printf_percent$$00000009  c_w.l(_printf_d.o)
    0x08000276   0x00000006   Code   RO          667    .ARM.Collect$$_printf_percent$$0000000A  c_w.l(_printf_u.o)
    0x0800027c   0x00000006   Code   RO          664    .ARM.Collect$$_printf_percent$$0000000B  c_w.l(_printf_o.o)
    0x08000282   0x00000006   Code   RO          662    .ARM.Collect$$_printf_percent$$0000000C  c_w.l(_printf_x.o)
    0x08000288   0x00000006   Code   RO          673    .ARM.Collect$$_printf_percent$$0000000D  c_w.l(_printf_lli.o)
    0x0800028e   0x00000006   Code   RO          674    .ARM.Collect$$_printf_percent$$0000000E  c_w.l(_printf_lld.o)
    0x08000294   0x00000006   Code   RO          675    .ARM.Collect$$_printf_percent$$0000000F  c_w.l(_printf_llu.o)
    0x0800029a   0x00000006   Code   RO          680    .ARM.Collect$$_printf_percent$$00000010  c_w.l(_printf_llo.o)
    0x080002a0   0x00000006   Code   RO          681    .ARM.Collect$$_printf_percent$$00000011  c_w.l(_printf_llx.o)
    0x080002a6   0x0000000a   Code   RO          677    .ARM.Collect$$_printf_percent$$00000012  c_w.l(_printf_l.o)
    0x080002b0   0x00000006   Code   RO          659    .ARM.Collect$$_printf_percent$$00000013  c_w.l(_printf_c.o)
    0x080002b6   0x00000006   Code   RO          660    .ARM.Collect$$_printf_percent$$00000014  c_w.l(_printf_s.o)
    0x080002bc   0x00000006   Code   RO          678    .ARM.Collect$$_printf_percent$$00000015  c_w.l(_printf_lc.o)
    0x080002c2   0x00000006   Code   RO          679    .ARM.Collect$$_printf_percent$$00000016  c_w.l(_printf_ls.o)
    0x080002c8   0x00000004   Code   RO          782    .ARM.Collect$$_printf_percent$$00000017  c_w.l(_printf_percent_end.o)
    0x080002cc   0x00000002   Code   RO          857    .ARM.Collect$$libinit$$00000000  c_w.l(libinit.o)
    0x080002ce   0x00000004   Code   RO          686    .ARM.Collect$$libinit$$00000001  c_w.l(libinit2.o)
    0x080002d2   0x00000000   Code   RO          689    .ARM.Collect$$libinit$$00000004  c_w.l(libinit2.o)
    0x080002d2   0x00000008   Code   RO          690    .ARM.Collect$$libinit$$00000005  c_w.l(libinit2.o)
    0x080002da   0x00000000   Code   RO          692    .ARM.Collect$$libinit$$0000000A  c_w.l(libinit2.o)
    0x080002da   0x00000000   Code   RO          694    .ARM.Collect$$libinit$$0000000C  c_w.l(libinit2.o)
    0x080002da   0x00000000   Code   RO          696    .ARM.Collect$$libinit$$0000000E  c_w.l(libinit2.o)
    0x080002da   0x00000006   Code   RO          697    .ARM.Collect$$libinit$$0000000F  c_w.l(libinit2.o)
    0x080002e0   0x00000000   Code   RO          699    .ARM.Collect$$libinit$$00000011  c_w.l(libinit2.o)
    0x080002e0   0x0000000c   Code   RO          700    .ARM.Collect$$libinit$$00000012  c_w.l(libinit2.o)
    0x080002ec   0x00000000   Code   RO          701    .ARM.Collect$$libinit$$00000013  c_w.l(libinit2.o)
    0x080002ec   0x00000000   Code   RO          703    .ARM.Collect$$libinit$$00000015  c_w.l(libinit2.o)
    0x080002ec   0x0000000a   Code   RO          704    .ARM.Collect$$libinit$$00000016  c_w.l(libinit2.o)
    0x080002f6   0x00000000   Code   RO          705    .ARM.Collect$$libinit$$00000017  c_w.l(libinit2.o)
    0x080002f6   0x00000000   Code   RO          707    .ARM.Collect$$libinit$$00000019  c_w.l(libinit2.o)
    0x080002f6   0x00000000   Code   RO          709    .ARM.Collect$$libinit$$0000001B  c_w.l(libinit2.o)
    0x080002f6   0x00000000   Code   RO          711    .ARM.Collect$$libinit$$0000001D  c_w.l(libinit2.o)
    0x080002f6   0x00000000   Code   RO          713    .ARM.Collect$$libinit$$0000001F  c_w.l(libinit2.o)
    0x080002f6   0x00000000   Code   RO          715    .ARM.Collect$$libinit$$00000021  c_w.l(libinit2.o)
    0x080002f6   0x00000000   Code   RO          717    .ARM.Collect$$libinit$$00000023  c_w.l(libinit2.o)
    0x080002f6   0x00000000   Code   RO          719    .ARM.Collect$$libinit$$00000025  c_w.l(libinit2.o)
    0x080002f6   0x00000000   Code   RO          723    .ARM.Collect$$libinit$$0000002C  c_w.l(libinit2.o)
    0x080002f6   0x00000000   Code   RO          725    .ARM.Collect$$libinit$$0000002E  c_w.l(libinit2.o)
    0x080002f6   0x00000000   Code   RO          727    .ARM.Collect$$libinit$$00000030  c_w.l(libinit2.o)
    0x080002f6   0x00000000   Code   RO          729    .ARM.Collect$$libinit$$00000032  c_w.l(libinit2.o)
    0x080002f6   0x00000002   Code   RO          730    .ARM.Collect$$libinit$$00000033  c_w.l(libinit2.o)
    0x080002f8   0x00000002   Code   RO          925    .ARM.Collect$$libshutdown$$00000000  c_w.l(libshutdown.o)
    0x080002fa   0x00000000   Code   RO          881    .ARM.Collect$$libshutdown$$00000002  c_w.l(libshutdown2.o)
    0x080002fa   0x00000000   Code   RO          883    .ARM.Collect$$libshutdown$$00000004  c_w.l(libshutdown2.o)
    0x080002fa   0x00000000   Code   RO          886    .ARM.Collect$$libshutdown$$00000007  c_w.l(libshutdown2.o)
    0x080002fa   0x00000000   Code   RO          889    .ARM.Collect$$libshutdown$$0000000A  c_w.l(libshutdown2.o)
    0x080002fa   0x00000000   Code   RO          891    .ARM.Collect$$libshutdown$$0000000C  c_w.l(libshutdown2.o)
    0x080002fa   0x00000000   Code   RO          894    .ARM.Collect$$libshutdown$$0000000F  c_w.l(libshutdown2.o)
    0x080002fa   0x00000002   Code   RO          895    .ARM.Collect$$libshutdown$$00000010  c_w.l(libshutdown2.o)
    0x080002fc   0x00000000   Code   RO          565    .ARM.Collect$$rtentry$$00000000  c_w.l(__rtentry.o)
    0x080002fc   0x00000000   Code   RO          745    .ARM.Collect$$rtentry$$00000002  c_w.l(__rtentry2.o)
    0x080002fc   0x00000006   Code   RO          757    .ARM.Collect$$rtentry$$00000004  c_w.l(__rtentry4.o)
    0x08000302   0x00000000   Code   RO          747    .ARM.Collect$$rtentry$$00000009  c_w.l(__rtentry2.o)
    0x08000302   0x00000004   Code   RO          748    .ARM.Collect$$rtentry$$0000000A  c_w.l(__rtentry2.o)
    0x08000306   0x00000000   Code   RO          750    .ARM.Collect$$rtentry$$0000000C  c_w.l(__rtentry2.o)
    0x08000306   0x00000008   Code   RO          751    .ARM.Collect$$rtentry$$0000000D  c_w.l(__rtentry2.o)
    0x0800030e   0x00000002   Code   RO          865    .ARM.Collect$$rtexit$$00000000  c_w.l(rtexit.o)
    0x08000310   0x00000000   Code   RO          899    .ARM.Collect$$rtexit$$00000002  c_w.l(rtexit2.o)
    0x08000310   0x00000004   Code   RO          900    .ARM.Collect$$rtexit$$00000003  c_w.l(rtexit2.o)
    0x08000314   0x00000006   Code   RO          901    .ARM.Collect$$rtexit$$00000004  c_w.l(rtexit2.o)
    0x0800031a   0x00000002   PAD
    0x0800031c   0x00000000   Code   RO          761    .emb_text           c_w.l(maybetermalloc1.o)
    0x0800031c   0x00000084   Code   RO          118    .text               startup_stm32l476xx.o
    0x080003a0   0x0000005e   Code   RO          491    .text               c_w.l(h1_alloc.o)
    0x080003fe   0x0000004e   Code   RO          493    .text               c_w.l(h1_free.o)
    0x0800044c   0x00000024   Code   RO          549    .text               c_w.l(vsprintf.o)
    0x08000470   0x0000001e   Code   RO          551    .text               c_w.l(strpbrk.o)
    0x0800048e   0x00000048   Code   RO          553    .text               c_w.l(strcpy.o)
    0x080004d6   0x0000003e   Code   RO          555    .text               c_w.l(strlen.o)
    0x08000514   0x00000018   Code   RO          557    .text               c_w.l(strcat.o)
    0x0800052c   0x00000006   Code   RO          559    .text               c_w.l(heapauxi.o)
    0x08000532   0x00000002   PAD
    0x08000534   0x00000008   Code   RO          569    .text               c_w.l(rt_heap_descriptor_intlibspace.o)
    0x0800053c   0x00000004   Code   RO          571    .text               c_w.l(hguard.o)
    0x08000540   0x0000008a   Code   RO          573    .text               c_w.l(init_alloc.o)
    0x080005ca   0x0000000e   Code   RO          577    .text               c_w.l(h1_init.o)
    0x080005d8   0x0000004e   Code   RO          593    .text               c_w.l(_printf_pad.o)
    0x08000626   0x00000024   Code   RO          595    .text               c_w.l(_printf_truncate.o)
    0x0800064a   0x00000052   Code   RO          597    .text               c_w.l(_printf_str.o)
    0x0800069c   0x00000078   Code   RO          599    .text               c_w.l(_printf_dec.o)
    0x08000714   0x00000028   Code   RO          601    .text               c_w.l(_printf_charcount.o)
    0x0800073c   0x00000030   Code   RO          603    .text               c_w.l(_printf_char_common.o)
    0x0800076c   0x0000000a   Code   RO          605    .text               c_w.l(_sputc.o)
    0x08000776   0x00000002   PAD
    0x08000778   0x000000c2   Code   RO          607    .text               c_w.l(_printf_wctomb.o)
    0x0800083a   0x00000002   PAD
    0x0800083c   0x0000007c   Code   RO          610    .text               c_w.l(_printf_longlong_dec.o)
    0x080008b8   0x00000070   Code   RO          616    .text               c_w.l(_printf_oct_int_ll.o)
    0x08000928   0x00000094   Code   RO          636    .text               c_w.l(_printf_hex_int_ll_ptr.o)
    0x080009bc   0x0000018e   Code   RO          656    .text               c_w.l(__printf_flags_ss_wp.o)
    0x08000b4a   0x00000002   PAD
    0x08000b4c   0x00000008   Code   RO          741    .text               c_w.l(libspace.o)
    0x08000b54   0x00000034   Code   RO          763    .text               c_w.l(h1_extend.o)
    0x08000b88   0x0000008a   Code   RO          767    .text               c_w.l(lludiv10.o)
    0x08000c12   0x000000b2   Code   RO          769    .text               c_w.l(_printf_intcommon.o)
    0x08000cc4   0x00000420   Code   RO          771    .text               c_w.l(_printf_fp_dec.o)
    0x080010e4   0x00000302   Code   RO          773    .text               c_w.l(_printf_fp_hex.o)
    0x080013e6   0x0000002c   Code   RO          778    .text               c_w.l(_printf_char.o)
    0x08001412   0x0000002c   Code   RO          780    .text               c_w.l(_printf_wchar.o)
    0x0800143e   0x00000040   Code   RO          783    .text               c_w.l(_wcrtomb.o)
    0x0800147e   0x0000000e   Code   RO          785    .text               c_w.l(defsig_rtmem_outer.o)
    0x0800148c   0x00000002   Code   RO          796    .text               c_w.l(use_no_semi.o)
    0x0800148e   0x00000000   Code   RO          798    .text               c_w.l(indicate_semi.o)
    0x0800148e   0x0000004a   Code   RO          799    .text               c_w.l(sys_stackheap_outer.o)
    0x080014d8   0x00000010   Code   RO          801    .text               c_w.l(rt_ctype_table.o)
    0x080014e8   0x00000008   Code   RO          808    .text               c_w.l(rt_locale_intlibspace.o)
    0x080014f0   0x00000080   Code   RO          812    .text               c_w.l(_printf_fp_infnan.o)
    0x08001570   0x000000dc   Code   RO          814    .text               c_w.l(bigflt0.o)
    0x0800164c   0x00000012   Code   RO          842    .text               c_w.l(exit.o)
    0x0800165e   0x0000000a   Code   RO          844    .text               c_w.l(defsig_exit.o)
    0x08001668   0x00000050   Code   RO          846    .text               c_w.l(defsig_rtmem_inner.o)
    0x080016b8   0x0000000c   Code   RO          863    .text               c_w.l(sys_exit.o)
    0x080016c4   0x00000032   Code   RO          876    .text               c_w.l(defsig_general.o)
    0x080016f6   0x00000002   PAD
    0x080016f8   0x00000080   Code   RO          878    .text               c_w.l(strcmpv7m.o)
    0x08001778   0x0000000e   Code   RO          896    .text               c_w.l(sys_wrch.o)
    0x08001786   0x0000003e   Code   RO          817    CL$$btod_d2e        c_w.l(btod.o)
    0x080017c4   0x00000046   Code   RO          819    CL$$btod_d2e_denorm_low  c_w.l(btod.o)
    0x0800180a   0x00000060   Code   RO          818    CL$$btod_d2e_norm_op1  c_w.l(btod.o)
    0x0800186a   0x00000338   Code   RO          827    CL$$btod_div_common  c_w.l(btod.o)
    0x08001ba2   0x000000c6   Code   RO          824    CL$$btod_e2e        c_w.l(btod.o)
    0x08001c68   0x00000028   Code   RO          821    CL$$btod_ediv       c_w.l(btod.o)
    0x08001c90   0x00000028   Code   RO          820    CL$$btod_emul       c_w.l(btod.o)
    0x08001cb8   0x00000244   Code   RO          826    CL$$btod_mult_common  c_w.l(btod.o)
    0x08001efc   0x00000014   Code   RO          125    i.Green_LED_Off     led.o
    0x08001f10   0x00000014   Code   RO          126    i.Green_LED_On      led.o
    0x08001f24   0x0000009c   Code   RO          128    i.LED_Init          led.o
    0x08001fc0   0x00000014   Code   RO          129    i.Red_LED_Off       led.o
    0x08001fd4   0x00000014   Code   RO          130    i.Red_LED_On        led.o
    0x08001fe8   0x00000184   Code   RO          185    i.System_Clock_Init  sysclock.o
    0x0800216c   0x00000074   Code   RO          209    i.UART2_GPIO_Init   uart.o
    0x080021e0   0x00000040   Code   RO          210    i.UART2_Init        uart.o
    0x08002220   0x00000014   Code   RO          211    i.USART_Delay       uart.o
    0x08002234   0x000000b4   Code   RO          213    i.USART_Init        uart.o
    0x080022e8   0x00000014   Code   RO          214    i.USART_Read        uart.o
    0x080022fc   0x00000014   Code   RO          215    i.USART_Read_No_Block  uart.o
    0x08002310   0x00000040   Code   RO          216    i.USART_Write       uart.o
    0x08002350   0x00000030   Code   RO          861    i.__ARM_fpclassify  m_wm.l(fpclassify.o)
    0x08002380   0x0000000e   Code   RO          649    i._is_digit         c_w.l(__printf_wp.o)
    0x0800238e   0x00000018   Code   RO          370    i.check_for_valid_input  helper.o
    0x080023a6   0x00000012   Code   RO          371    i.delay             helper.o
    0x080023b8   0x00000020   Code   RO          372    i.exit_program      helper.o
    0x080023d8   0x00000020   Code   RO          373    i.get_instruction   helper.o
    0x080023f8   0x00000008   Code   RO          374    i.get_opcode        helper.o
    0x08002400   0x00000008   Code   RO          375    i.get_parameter     helper.o
    0x08002408   0x000000cc   Code   RO            4    i.get_user_input    main.o
    0x080024d4   0x00000034   Code   RO          464    i.gpio_init         gpio.o
    0x08002508   0x00000014   Code   RO          376    i.increment_recipe  helper.o
    0x0800251c   0x00000012   Code   RO          377    i.instruction_in_bounds  helper.o
    0x0800252e   0x00000002   PAD
    0x08002530   0x00000044   Code   RO            5    i.main              main.o
    0x08002574   0x00000050   Code   RO          378    i.move_servo        helper.o
    0x080025c4   0x00000238   Code   RO          379    i.print_banner      helper.o
    0x080027fc   0x00000598   Code   RO            6    i.process_recipe    main.o
    0x08002d94   0x000001b0   Code   RO            7    i.process_user_input  main.o
    0x08002f44   0x00000012   Code   RO          380    i.reset_servo       helper.o
    0x08002f56   0x00000052   Code   RO          381    i.servo_data_init   helper.o
    0x08002fa8   0x00000070   Code   RO          275    i.timer_init        timer.o
    0x08003018   0x00000010   Code   RO          309    i.usart_read_no_block  usart_helper.o
    0x08003028   0x00000010   Code   RO          310    i.usart_read_simple  usart_helper.o
    0x08003038   0x00000028   Code   RO          311    i.usart_real_time_write  usart_helper.o
    0x08003060   0x0000000c   Code   RO          312    i.usart_terminal_character_simple  usart_helper.o
    0x0800306c   0x00000028   Code   RO          313    i.usart_write_data_string  usart_helper.o
    0x08003094   0x0000004c   Code   RO          314    i.usart_write_simple  usart_helper.o
    0x080030e0   0x0000002c   Code   RO          840    locale$$code        c_w.l(lc_numeric_c.o)
    0x0800310c   0x0000002c   Code   RO          872    locale$$code        c_w.l(lc_ctype_c.o)
    0x08003138   0x0000000a   Code   RO          794    x$fpl$fpinit        fz_wm.l(fpinit.o)
    0x08003142   0x00000004   Code   RO          731    x$fpl$printf1       fz_wm.l(printf1.o)
    0x08003146   0x00000004   Code   RO          733    x$fpl$printf2       fz_wm.l(printf2.o)
    0x0800314a   0x00000000   Code   RO          860    x$fpl$usenofp       fz_wm.l(usenofp.o)
    0x0800314a   0x00000002   PAD
    0x0800314c   0x00000008   Data   RO          608    .constdata          c_w.l(_printf_wctomb.o)
    0x08003154   0x00000028   Data   RO          637    .constdata          c_w.l(_printf_hex_int_ll_ptr.o)
    0x0800317c   0x00000011   Data   RO          657    .constdata          c_w.l(__printf_flags_ss_wp.o)
    0x0800318d   0x00000026   Data   RO          774    .constdata          c_w.l(_printf_fp_hex.o)
    0x080031b3   0x00000001   PAD
    0x080031b4   0x00000094   Data   RO          815    .constdata          c_w.l(bigflt0.o)
    0x08003248   0x00000185   Data   RO            9    .conststring        main.o
    0x080033cd   0x00000003   PAD
    0x080033d0   0x00000045   Data   RO          382    .conststring        helper.o
    0x08003415   0x00000003   PAD
    0x08003418   0x00000020   Data   RO          926    Region$$Table       anon$$obj.o
    0x08003438   0x0000001c   Data   RO          839    locale$$data        c_w.l(lc_numeric_c.o)
    0x08003454   0x00000110   Data   RO          871    locale$$data        c_w.l(lc_ctype_c.o)


    Execution Region RW_IRAM1 (Base: 0x20000000, Size: 0x00000ce8, Max: 0x00018000, ABSOLUTE, COMPRESSED[0x00000050])

    Base Addr    Size         Type   Attr      Idx    E Section Name        Object

    0x20000000   0x00000640   Data   RW           10    .data               main.o
    0x20000640   0x00000018   Data   RW          276    .data               timer.o
    0x20000658   0x00000030   Zero   RW            8    .bss                main.o
    0x20000688   0x00000060   Zero   RW          742    .bss                c_w.l(libspace.o)
    0x200006e8   0x00000200   Zero   RW          116    HEAP                startup_stm32l476xx.o
    0x200008e8   0x00000400   Zero   RW          115    STACK               startup_stm32l476xx.o


==============================================================================

Image component sizes


      Code (inc. data)   RO Data    RW Data    ZI Data      Debug   Object Name

        52          4          0          0          0        440   gpio.o
       908        518         69          0          0       7041   helper.o
       236         36          0          0          0       2213   led.o
      2136        296        389       1600         48     303923   main.o
       132         42        392          0       1536        848   startup_stm32l476xx.o
       388          8          0          0          0        636   sysclock.o
       112         10          0         24          0        933   timer.o
       484         32          0          0          0       4015   uart.o
       200         30          0          0          0       3987   usart_helper.o

    ----------------------------------------------------------------------
      4650        976        888       1624       1584     324036   Object Totals
         0          0         32          0          0          0   (incl. Generated)
         2          0          6          0          0          0   (incl. Padding)

    ----------------------------------------------------------------------

      Code (inc. data)   RO Data    RW Data    ZI Data      Debug   Library Member Name

        90          0          0          0          0          0   __dczerorl2.o
         8          0          0          0          0         68   __main.o
       398          4         17          0          0         92   __printf_flags_ss_wp.o
        14          0          0          0          0         68   __printf_wp.o
         0          0          0          0          0          0   __rtentry.o
        12          0          0          0          0          0   __rtentry2.o
         6          0          0          0          0          0   __rtentry4.o
        52          8          0          0          0          0   __scatter.o
        28          0          0          0          0          0   __scatter_zi.o
         6          0          0          0          0          0   _printf_a.o
         6          0          0          0          0          0   _printf_c.o
        44          0          0          0          0        108   _printf_char.o
        48          6          0          0          0         96   _printf_char_common.o
        40          0          0          0          0         68   _printf_charcount.o
         6          0          0          0          0          0   _printf_d.o
       120         16          0          0          0         92   _printf_dec.o
         6          0          0          0          0          0   _printf_e.o
         6          0          0          0          0          0   _printf_f.o
      1056          0          0          0          0        216   _printf_fp_dec.o
       770          8         38          0          0        100   _printf_fp_hex.o
       128         16          0          0          0         84   _printf_fp_infnan.o
         6          0          0          0          0          0   _printf_g.o
       148          4         40          0          0        160   _printf_hex_int_ll_ptr.o
         6          0          0          0          0          0   _printf_i.o
       178          0          0          0          0         88   _printf_intcommon.o
        10          0          0          0          0          0   _printf_l.o
         6          0          0          0          0          0   _printf_lc.o
        10          0          0          0          0          0   _printf_ll.o
         6          0          0          0          0          0   _printf_lld.o
         6          0          0          0          0          0   _printf_lli.o
         6          0          0          0          0          0   _printf_llo.o
         6          0          0          0          0          0   _printf_llu.o
         6          0          0          0          0          0   _printf_llx.o
       124         16          0          0          0         92   _printf_longlong_dec.o
         6          0          0          0          0          0   _printf_ls.o
         6          0          0          0          0          0   _printf_n.o
         6          0          0          0          0          0   _printf_o.o
       112          8          0          0          0        124   _printf_oct_int_ll.o
         6          0          0          0          0          0   _printf_p.o
        78          0          0          0          0        108   _printf_pad.o
         0          0          0          0          0          0   _printf_percent.o
         4          0          0          0          0          0   _printf_percent_end.o
         6          0          0          0          0          0   _printf_s.o
        82          0          0          0          0         80   _printf_str.o
        36          0          0          0          0         84   _printf_truncate.o
         6          0          0          0          0          0   _printf_u.o
        44          0          0          0          0        108   _printf_wchar.o
       194          6          8          0          0         92   _printf_wctomb.o
         6          0          0          0          0          0   _printf_x.o
        10          0          0          0          0         68   _sputc.o
        64          0          0          0          0         92   _wcrtomb.o
       220          4        148          0          0         96   bigflt0.o
      1910        128          0          0          0        672   btod.o
        10          0          0          0          0         68   defsig_exit.o
        50          0          0          0          0         88   defsig_general.o
        80         58          0          0          0         76   defsig_rtmem_inner.o
        14          0          0          0          0         80   defsig_rtmem_outer.o
        18          0          0          0          0         80   exit.o
        94          0          0          0          0         80   h1_alloc.o
        52          0          0          0          0         68   h1_extend.o
        78          0          0          0          0         80   h1_free.o
        14          0          0          0          0         84   h1_init.o
         6          0          0          0          0        152   heapauxi.o
         4          0          0          0          0        136   hguard.o
         0          0          0          0          0          0   indicate_semi.o
       138          0          0          0          0        168   init_alloc.o
        44         10        272          0          0         76   lc_ctype_c.o
        44         10         28          0          0         76   lc_numeric_c.o
         2          0          0          0          0          0   libinit.o
        42          0          0          0          0          0   libinit2.o
         2          0          0          0          0          0   libshutdown.o
         2          0          0          0          0          0   libshutdown2.o
         8          4          0          0         96         68   libspace.o
       138          0          0          0          0         80   lludiv10.o
         0          0          0          0          0          0   maybetermalloc1.o
        16          4          0          0          0         76   rt_ctype_table.o
         8          4          0          0          0         68   rt_heap_descriptor_intlibspace.o
         8          4          0          0          0         68   rt_locale_intlibspace.o
         2          0          0          0          0          0   rtexit.o
        10          0          0          0          0          0   rtexit2.o
        24          0          0          0          0         68   strcat.o
       128          0          0          0          0         68   strcmpv7m.o
        72          0          0          0          0         80   strcpy.o
        62          0          0          0          0         76   strlen.o
        30          0          0          0          0         76   strpbrk.o
        12          4          0          0          0         68   sys_exit.o
        74          0          0          0          0         80   sys_stackheap_outer.o
        14          0          0          0          0         76   sys_wrch.o
         2          0          0          0          0         68   use_no_semi.o
        36          4          0          0          0         76   vsprintf.o
        10          0          0          0          0        116   fpinit.o
         4          0          0          0          0        116   printf1.o
         4          0          0          0          0        116   printf2.o
         0          0          0          0          0          0   usenofp.o
        48          0          0          0          0        124   fpclassify.o

    ----------------------------------------------------------------------
      7578        326        552          0         96       5736   Library Totals
        16          0          1          0          0          0   (incl. Padding)

    ----------------------------------------------------------------------

      Code (inc. data)   RO Data    RW Data    ZI Data      Debug   Library Name

      7496        326        551          0         96       5264   c_w.l
        18          0          0          0          0        348   fz_wm.l
        48          0          0          0          0        124   m_wm.l

    ----------------------------------------------------------------------
      7578        326        552          0         96       5736   Library Totals

    ----------------------------------------------------------------------

==============================================================================


      Code (inc. data)   RO Data    RW Data    ZI Data      Debug   

     12228       1302       1440       1624       1680     323308   Grand Totals
     12228       1302       1440         80       1680     323308   ELF Image Totals (compressed)
     12228       1302       1440         80          0          0   ROM Totals

==============================================================================

    Total RO  Size (Code + RO Data)                13668 (  13.35kB)
    Total RW  Size (RW Data + ZI Data)              3304 (   3.23kB)
    Total ROM Size (Code + RO Data + RW Data)      13748 (  13.43kB)

==============================================================================

